
> techmarketcatalog@1.0.0 build
> vite build

[36mvite v5.4.21 [32mbuilding for production...[36m[39m
transforming...
[32mÔ£ô[39m 37 modules transformed.

Ô£¿ [36m[vite-plugin-image-optimizer][39m - optimized images successfully: 
[2mdist[22m/[94mphotos/logo/logo.jpg[39m                     [90m[31m+155%[39m[90m   [39m [33m[1mskipped[22m[39m [2moriginal: 40.42 kB <= optimized: 103.24 kB[22m
[2mdist[22m/[94mphotos/products/discoDuro.jpg[39m            [90m[31m+77%[39m[90m    [39m [33m[1mskipped[22m[39m [2moriginal: 169.35 kB <= optimized: 300.83 kB[22m
[2mdist[22m/[94mphotos/products/headphones.jpg[39m           [90m[31m+50%[39m[90m    [39m [33m[1mskipped[22m[39m [2moriginal: 188.26 kB <= optimized: 282.51 kB[22m
[2mdist[22m/[94mphotos/logo/logo_square.jpeg[39m             [90m[32m0%[39m[90m     [39m [33m[1mskipped[22m[39m [2moriginal: 57.70 kB <= optimized: 57.70 kB[22m
[2mdist[22m/[94mphotos/products/mouseBlancoLogitech.jpg[39m  [90m[31m+118%[39m[90m   [39m [33m[1mskipped[22m[39m [2moriginal: 118.48 kB <= optimized: 259.07 kB[22m
[2mdist[22m/[94mphotos/products/hubUSB.jpg[39m               [90m[31m+83%[39m[90m    [39m [33m[1mskipped[22m[39m [2moriginal: 142.34 kB <= optimized: 260.76 kB[22m
[2mdist[22m/[94mphotos/products/intercoms.jpg[39m            [90m[31m+4%[39m[90m     [39m [33m[1mskipped[22m[39m [2moriginal: 372.54 kB <= optimized: 389.48 kB[22m
[2mdist[22m/[94mphotos/products/q58.jpg[39m                  [90m[31m+78%[39m[90m    [39m [33m[1mskipped[22m[39m [2moriginal: 195.27 kB <= optimized: 349.25 kB[22m
[2mdist[22m/[94mphotos/products/mousesLogitech.jpg[39m       [90m[31m+101%[39m[90m   [39m [33m[1mskipped[22m[39m [2moriginal: 153.56 kB <= optimized: 309.67 kB[22m
[2mdist[22m/[94mapple-touch-icon.png[39m                     [90m[32m-9%[39m[90m    [39m [2m43.08 kB Ô¡ó  39.38 kB[22m
[2mdist[22m/[94mphotos/products/smartwatch.jpg[39m           [90m[31m+5%[39m[90m     [39m [33m[1mskipped[22m[39m [2moriginal: 291.70 kB <= optimized: 307.68 kB[22m
[2mdist[22m/[94mphotos/products/wirelessMicrophone.jpg[39m   [90m[31m+5%[39m[90m     [39m [33m[1mskipped[22m[39m [2moriginal: 282.93 kB <= optimized: 297.45 kB[22m
[2mdist[22m/[94mpwa-512x512.png[39m                          [90m[32m-9%[39m[90m    [39m [2m43.08 kB Ô¡ó  39.38 kB[22m
[2mdist[22m/[94mpwa-192x192.png[39m                          [90m[32m-9%[39m[90m    [39m [2m43.08 kB Ô¡ó  39.38 kB[22m
[2mdist[22m/[94mphotos/products/m365.png[39m                 [90m[32m-8%[39m[90m    [39m [2m1179.40 kB Ô¡ó  1094.94 kB[22m
[2mdist[22m/[94mphotos/products/stylus.png[39m               [90m[32m-14%[39m[90m   [39m [2m1193.72 kB Ô¡ó  1030.45 kB[22m
[2mdist[22m/[94mphotos/backgrounds/nebula_bg.png[39m         [90m[32m-19%[39m[90m   [39m [2m1982.85 kB Ô¡ó  1608.72 kB[22m

­ƒÆ░ total savings = [32m632.93kB[39m/[32m4485.20kB[39m Ôëê [32m14%[39m


node.exe : [31mx[39m 
Build failed in 2.68s
At line:1 char:1
+ & "C:\Program 
Files\nodejs/node.exe" 
"C:\Program 
Files\nodejs/node_mo 
...
+ ~~~~~~~~~~~~~~~~~~~~~
~~~~~~~~~~~~~~~~~~~~~~~
~~~~~~~~~~~~~~~~~~~~~~~
~~
    + CategoryInfo     
         : NotSpecifi  
  ed: ([31mx[39m B   
 uild failed in 2.6    
8s:String) [], Rem    
oteException
    + FullyQualifiedEr 
   rorId : NativeComm  
  andError
 
[31merror during 
build:
[31m[vite-plugin-pwa:b
uild] [plugin 
vite-plugin-pwa:build] 
src/components/ui/Produ
ctCard.jsx (84:40): 
There was an error 
during the build:
  Transform failed 
with 1 error:
C:/Users/andre/OneDrive
/Documentos/Marca/techm
arketcatalog/src/compon
ents/ui/ProductCard.jsx
:84:40: ERROR: 
Expected ":" but found 
","
Additionally, handling 
the error in the 
'buildEnd' hook caused 
the following error:
  Transform failed 
with 1 error:
C:/Users/andre/OneDrive
/Documentos/Marca/techm
arketcatalog/src/compon
ents/ui/ProductCard.jsx
:84:40: ERROR: 
Expected ":" but found 
","[31m
file: [36mC:/Users/and
re/OneDrive/Documentos/
Marca/techmarketcatalog
/src/components/ui/Prod
uctCard.jsx:84:40[31m
[33m
[33mExpected ":" but 
found ","[33m
82 |          rotateY: 
isMobile ? 0 : rotateY,
83 |          
transformStyle: 
isMobile ? 'flat' : 
'preserve-3d',
84 |          
perspective: isMobile 
? '1000px',
   |                   
                       
^
85 |          
willChange: isMobile ? 
'auto' : 'transform'
86 |        }}
[31m
    at getRollupError (
file:///C:/Users/andre/
OneDrive/Documentos/Mar
ca/techmarketcatalog/no
de_modules/rollup/dist/
es/shared/parseAst.js:4
02:41)
    at file:///C:/Users
/andre/OneDrive/Documen
tos/Marca/techmarketcat
alog/node_modules/rollu
p/dist/es/shared/node-e
ntry.js:23467:39
    at process.processT
icksAndRejections (node
:internal/process/task_
queues:104:5)
    at async catchUnfin
ishedHookActions (file:
///C:/Users/andre/OneDr
ive/Documentos/Marca/te
chmarketcatalog/node_mo
dules/rollup/dist/es/sh
ared/node-entry.js:2292
5:16)
    at async 
rollupInternal (file://
/C:/Users/andre/OneDriv
e/Documentos/Marca/tech
marketcatalog/node_modu
les/rollup/dist/es/shar
ed/node-entry.js:23450:
5)
    at async build (fil
e:///C:/Users/andre/One
Drive/Documentos/Marca/
techmarketcatalog/node_
modules/vite/dist/node/
chunks/dep-BK3b2jBa.js:
65709:14)
    at async 
CAC.<anonymous> (file:/
//C:/Users/andre/OneDri
ve/Documentos/Marca/tec
hmarketcatalog/node_mod
ules/vite/dist/node/cli
.js:829:5)[39m
